// Jest Snapshot v1, https://goo.gl/fbAQLP

exports[`Welcome render correctly 1`] = `
Object {
  "attributes": Object {
    "class": "rax-view",
  },
  "children": Array [
    Object {
      "attributes": Object {
        "class": "rax-text ",
      },
      "children": Array [
        "Welcome to storybook for Rax",
      ],
      "style": Object {
        "fontSize": 40,
        "fontWeight": "bold",
        "lineHeight": "80px",
        "webkitLineClamp": undefined,
      },
      "tagName": "SPAN",
    },
    Object {
      "attributes": Object {
        "class": "rax-image ",
        "fallbackSource": Object {
          "uri": "https://user-images.githubusercontent.com/677114/49848760-999e7d00-fe11-11e8-978f-264ea31f6739.png",
        },
        "resizeMode": "cover",
        "src": "./rax-logo.png",
      },
      "eventListeners": Object {
        "error": [Function],
        "load": [Function],
      },
      "style": Object {
        "height": 100,
        "margin": "0 auto",
        "objectFit": "cover",
        "width": 100,
      },
      "tagName": "IMG",
    },
    Object {
      "attributes": Object {
        "class": "rax-view",
      },
      "children": Array [
        Object {
          "attributes": Object {
            "class": "rax-text ",
          },
          "children": Array [
            "This is a UI component dev environment for your Rax app.",
          ],
          "style": Object {
            "fontSize": 12,
            "webkitLineClamp": undefined,
          },
          "tagName": "SPAN",
        },
      ],
      "style": Object {
        "marginBottom": 10,
      },
      "tagName": "DIV",
    },
    Object {
      "attributes": Object {
        "class": "rax-view",
      },
      "children": Array [
        Object {
          "attributes": Object {
            "class": "rax-text ",
          },
          "children": Array [
            "We&#x27;ve added some basic stories inside the &#x27;src/stories&#x27; directory. A story is a single state of one or more UI components. You can have as many stories as you want. (Basically a story is like a visual test case.)",
          ],
          "style": Object {
            "fontSize": 12,
            "webkitLineClamp": undefined,
          },
          "tagName": "SPAN",
        },
      ],
      "style": Object {
        "marginBottom": 10,
      },
      "tagName": "DIV",
    },
    Object {
      "attributes": Object {
        "class": "rax-view",
      },
      "children": Array [
        Object {
          "attributes": Object {
            "class": "rax-text ",
          },
          "children": Array [
            "See these sample",
          ],
          "style": Object {
            "fontSize": 12,
            "webkitLineClamp": undefined,
          },
          "tagName": "SPAN",
        },
      ],
      "style": Object {
        "marginBottom": 10,
      },
      "tagName": "DIV",
    },
    Object {
      "attributes": Object {
        "type": "button",
      },
      "children": Array [
        Object {
          "attributes": Object {
            "class": "rax-view",
          },
          "children": Array [
            Object {
              "attributes": Object {
                "class": "rax-text ",
              },
              "children": Array [
                "button",
              ],
              "style": Object {
                "fontSize": 12,
                "webkitLineClamp": undefined,
              },
              "tagName": "SPAN",
            },
          ],
          "style": Object {
            "marginBottom": 10,
          },
          "tagName": "DIV",
        },
      ],
      "tagName": "BUTTON",
    },
    Object {
      "attributes": Object {
        "class": "rax-view",
      },
      "children": Array [
        Object {
          "attributes": Object {
            "class": "rax-text ",
          },
          "children": Array [
            "for a component called &#x27;Button&#x27;.",
          ],
          "style": Object {
            "fontSize": 12,
            "webkitLineClamp": undefined,
          },
          "tagName": "SPAN",
        },
      ],
      "style": Object {
        "marginBottom": 10,
      },
      "tagName": "DIV",
    },
    Object {
      "attributes": Object {
        "class": "rax-view",
      },
      "children": Array [
        Object {
          "attributes": Object {
            "class": "rax-text ",
          },
          "children": Array [
            "Just like that, you can add your own components as stories. You can also edit those components and see changes right away. (Try editing the &#x27;Button&#x27; stories located at &#x27;src/stories/index.js&#x27; .)",
          ],
          "style": Object {
            "fontSize": 12,
            "webkitLineClamp": undefined,
          },
          "tagName": "SPAN",
        },
      ],
      "style": Object {
        "marginBottom": 10,
      },
      "tagName": "DIV",
    },
  ],
  "style": Object {
    "fontFamily": "\\"Helvetica Neue\\", Helvetica, \\"Segoe UI\\", Arial, freesans, sans-serif",
    "margin": 15,
  },
  "tagName": "DIV",
}
`;
